LAB1-2                                                                                                        PAGE 1

                       1    $MOD52                          
                       2    
----                   3    CSEG
0000                   4    ORG 00h
0000 901000            5            mov DPTR, #datas
0003 7920              6            mov R1, #20h
0005 7808              7            mov R0, #08h
                       8            
0007                   9    read:
0007 7400             10            mov A, #00h
0009 93               11            movc A, @A + DPTR
000A F7               12            mov @R1, A
000B 18               13            dec R0
000C 09               14            inc R1
000D A3               15            inc DPTR
000E B800F6           16            cjne R0, #00h, read
                      17            
0011                  18    lp:
0011 80FE             19            jmp lp
                      20    
1000                  21    ORG 1000h
1000                  22    datas:
1000 FFFEFDFC         23            DB 0FFh, 0FEh, 0FDh, 0FCh, 0FBh, 0FAh, 0F9h, 0F8h
1004 FBFAF9F8   
                      24    END

VERSION 1.2h ASSEMBLY COMPLETE, 0 ERRORS FOUND
LAB1-2                                                                                                        PAGE 2

DATAS. . . . . . . . . . . . . .  C ADDR  1000H  
LP . . . . . . . . . . . . . . .  C ADDR  0011H  
READ . . . . . . . . . . . . . .  C ADDR  0007H  
